#-----------------------------------------------------------
# Vivado v2023.1 (64-bit)
# SW Build 3865809 on Sun May  7 15:05:29 MDT 2023
# IP Build 3864474 on Sun May  7 20:36:21 MDT 2023
# SharedData Build 3865790 on Sun May 07 13:33:03 MDT 2023
# Start of session at: Wed Mar  6 15:52:44 2024
# Process ID: 24260
# Current directory: C:/repo/vhdl-code-2024/sistema_combinacional
# Command line: vivado.exe -gui_launcher_event rodinguilauncherevent9532 C:\repo\vhdl-code-2024\sistema_combinacional\sistema_combinacional.xpr
# Log file: C:/repo/vhdl-code-2024/sistema_combinacional/vivado.log
# Journal file: C:/repo/vhdl-code-2024/sistema_combinacional\vivado.jou
# Running On: jlbpacheco, OS: Windows, CPU Frequency: 3194 MHz, CPU Physical cores: 16, Host memory: 42311 MB
#-----------------------------------------------------------
start_gui
open_project C:/repo/vhdl-code-2024/sistema_combinacional/sistema_combinacional.xpr
update_compile_order -fileset sources_1
# Disabling source management mode.  This is to allow the top design properties to be set without GUI intervention.
set_property source_mgmt_mode None [current_project]
set_property top mux_2x1_tb [get_filesets sim_1]
set_property top_lib xil_defaultlib [get_filesets sim_1]
# Re-enabling previously disabled source management mode.
set_property source_mgmt_mode All [current_project]
update_compile_order -fileset sim_1
launch_simulation
source mux_2x1_tb.tcl
close_sim
set_property SOURCE_SET sources_1 [get_filesets sim_1]
close [ open C:/repo/vhdl-code-2024/sistema_combinacional/sistema_combinacional.srcs/sim_1/new/bcd_7seg_tb.vhd w ]
add_files -fileset sim_1 C:/repo/vhdl-code-2024/sistema_combinacional/sistema_combinacional.srcs/sim_1/new/bcd_7seg_tb.vhd
update_compile_order -fileset sim_1
# Disabling source management mode.  This is to allow the top design properties to be set without GUI intervention.
set_property source_mgmt_mode None [current_project]
set_property top bcd_7seg_tb [get_filesets sim_1]
set_property top_lib xil_defaultlib [get_filesets sim_1]
# Re-enabling previously disabled source management mode.
set_property source_mgmt_mode All [current_project]
update_compile_order -fileset sim_1
launch_simulation
# Disabling source management mode.  This is to allow the top design properties to be set without GUI intervention.
set_property source_mgmt_mode None [current_project]
set_property top bcd_7seg [get_filesets sim_1]
set_property top_lib xil_defaultlib [get_filesets sim_1]
# Re-enabling previously disabled source management mode.
set_property source_mgmt_mode All [current_project]
update_compile_order -fileset sim_1
launch_simulation
source bcd_7seg.tcl
close_sim
launch_simulation
source bcd_7seg.tcl
close_sim
# Disabling source management mode.  This is to allow the top design properties to be set without GUI intervention.
set_property source_mgmt_mode None [current_project]
set_property top bcd_7seg [current_fileset]
# Re-enabling previously disabled source management mode.
set_property source_mgmt_mode All [current_project]
update_compile_order -fileset sources_1
launch_simulation
source bcd_7seg.tcl
relaunch_sim
